2026-09-05 13:54:15 QC: 218 total curves, 156 eligible known-hour curves
2026-09-05 13:54:15 CP screening: 252 configurations x 156 curves, two deletion probes each
[Parallel(n_jobs=6)]: Using backend LokyBackend with 6 concurrent workers.
[Parallel(n_jobs=6)]: Done   1 tasks      | elapsed:    4.6s
[Parallel(n_jobs=6)]: Done   6 tasks      | elapsed:    6.1s
[Parallel(n_jobs=6)]: Done  13 tasks      | elapsed:   12.4s
[Parallel(n_jobs=6)]: Done  20 tasks      | elapsed:   16.9s
[Parallel(n_jobs=6)]: Done  29 tasks      | elapsed:   22.0s
[Parallel(n_jobs=6)]: Done  38 tasks      | elapsed:   30.0s
[Parallel(n_jobs=6)]: Done  49 tasks      | elapsed:   36.3s
[Parallel(n_jobs=6)]: Done  60 tasks      | elapsed:   41.7s
[Parallel(n_jobs=6)]: Done  73 tasks      | elapsed:   45.0s
[Parallel(n_jobs=6)]: Done  86 tasks      | elapsed:   47.9s
[Parallel(n_jobs=6)]: Done 101 tasks      | elapsed:   50.2s
[Parallel(n_jobs=6)]: Done 116 tasks      | elapsed:   52.2s
[Parallel(n_jobs=6)]: Done 133 tasks      | elapsed:   55.7s
[Parallel(n_jobs=6)]: Done 150 tasks      | elapsed:   57.1s
[Parallel(n_jobs=6)]: Done 169 tasks      | elapsed:   58.6s
[Parallel(n_jobs=6)]: Done 188 tasks      | elapsed:  1.0min
[Parallel(n_jobs=6)]: Done 209 tasks      | elapsed:  1.1min
[Parallel(n_jobs=6)]: Done 230 tasks      | elapsed:  1.1min
[Parallel(n_jobs=6)]: Done 252 out of 252 | elapsed:  1.1min finished
2026-09-05 13:55:21 CP selected {'id': 'CP028', 'algorithm': 'pelt', 'cost': 'linear', 'min_fraction': 0.03, 'penalty': 0.5}
